29-Jan-25 16:37:54 - INFO - miFuncionAntesDeLaPeticion() --- este es el endpoint: 
29-Jan-25 16:37:54 - INFO - miFuncionAntesDeLaPeticion() --- este es el endpoint: 
29-Jan-25 16:37:54 - INFO - miFuncionAntesDeLaPeticion() --- este es el endpoint: 
29-Jan-25 16:37:54 - INFO - miFuncionAntesDeLaPeticion() --- este es el endpoint: 
29-Jan-25 16:37:58 - INFO - miFuncionAntesDeLaPeticion() --- este es el endpoint: 
29-Jan-25 16:37:58 - INFO - miFuncionAntesDeLaPeticion() --- este es el endpoint: 
29-Jan-25 16:37:58 - INFO - miFuncionAntesDeLaPeticion() --- este es el endpoint: 
29-Jan-25 16:37:58 - INFO - miFuncionAntesDeLaPeticion() --- este es el endpoint: 
29-Jan-25 16:37:58 - INFO - miFuncionAntesDeLaPeticion() --- este es el endpoint: 
29-Jan-25 16:39:44 - INFO - ('miFuncionAntesDeLaPeticion() --- este es el endpoint: ', 'funcionAdministradorHome')
29-Jan-25 16:39:44 - INFO - ('miFuncionAntesDeLaPeticion() --- este es el endpoint: ', 'static')
29-Jan-25 16:39:44 - INFO - ('miFuncionAntesDeLaPeticion() --- este es el endpoint: ', 'static')
29-Jan-25 17:14:27 - INFO - ('miFuncionAntesDeLaPeticion() --- este es el endpoint: ', 'funcionAdministradorPanelRobot')
29-Jan-25 17:14:27 - INFO - ('miFuncionAntesDeLaPeticion() --- este es el endpoint: ', 'static')
29-Jan-25 17:14:27 - INFO - ('miFuncionAntesDeLaPeticion() --- este es el endpoint: ', 'static')
29-Jan-25 17:14:27 - INFO - ('miFuncionAntesDeLaPeticion() --- este es el endpoint: ', 'static')
29-Jan-25 17:14:27 - INFO - ('miFuncionAntesDeLaPeticion() --- este es el endpoint: ', 'funcionCapturarImagenRobot')
29-Jan-25 17:14:27 - INFO - ('miFuncionAntesDeLaPeticion() --- este es el endpoint: ', 'static')
29-Jan-25 17:14:27 - INFO - ('miFuncionAntesDeLaPeticion() --- este es el endpoint: ', 'static')
29-Jan-25 17:14:27 - INFO - ('miFuncionAntesDeLaPeticion() --- este es el endpoint: ', 'funcionCapturarImagenRobot')
29-Jan-25 17:14:27 - INFO - ('miFuncionAntesDeLaPeticion() --- este es el endpoint: ', 'funcionCapturarImagenRobot')
29-Jan-25 17:14:27 - INFO - ('miFuncionAntesDeLaPeticion() --- este es el endpoint: ', 'funcionCapturarImagenRobot')
29-Jan-25 17:14:27 - INFO - ('miFuncionAntesDeLaPeticion() --- este es el endpoint: ', 'funcionCapturarImagenRobot')
29-Jan-25 17:14:27 - INFO - ('miFuncionAntesDeLaPeticion() --- este es el endpoint: ', 'static')
29-Jan-25 17:14:33 - INFO - ('miFuncionAntesDeLaPeticion() --- este es el endpoint: ', 'funcionAdministradorCrearRobot')
29-Jan-25 17:14:33 - INFO - ('miFuncionAntesDeLaPeticion() --- este es el endpoint: ', 'static')
29-Jan-25 17:14:33 - INFO - ('miFuncionAntesDeLaPeticion() --- este es el endpoint: ', 'static')
29-Jan-25 17:14:33 - INFO - ('miFuncionAntesDeLaPeticion() --- este es el endpoint: ', 'static')
29-Jan-25 17:14:34 - INFO - ('miFuncionAntesDeLaPeticion() --- este es el endpoint: ', 'funcionAdministradorHome')
29-Jan-25 17:14:34 - INFO - ('miFuncionAntesDeLaPeticion() --- este es el endpoint: ', 'static')
29-Jan-25 17:14:34 - INFO - ('miFuncionAntesDeLaPeticion() --- este es el endpoint: ', 'static')
29-Jan-25 17:14:35 - INFO - ('miFuncionAntesDeLaPeticion() --- este es el endpoint: ', 'funcionAdministradorGestioncuentas')
29-Jan-25 17:14:35 - INFO - ('miFuncionAntesDeLaPeticion() --- este es el endpoint: ', 'static')
29-Jan-25 17:14:35 - INFO - ('miFuncionAntesDeLaPeticion() --- este es el endpoint: ', 'static')
29-Jan-25 17:14:36 - INFO - ('miFuncionAntesDeLaPeticion() --- este es el endpoint: ', 'funcionAdministradorHome')
29-Jan-25 17:14:36 - INFO - ('miFuncionAntesDeLaPeticion() --- este es el endpoint: ', 'static')
29-Jan-25 17:14:36 - INFO - ('miFuncionAntesDeLaPeticion() --- este es el endpoint: ', 'static')
29-Jan-25 17:14:37 - INFO - ('miFuncionAntesDeLaPeticion() --- este es el endpoint: ', 'funcionAdministradorPanelEvento')
29-Jan-25 17:14:37 - INFO - ('miFuncionAntesDeLaPeticion() --- este es el endpoint: ', 'static')
29-Jan-25 17:14:37 - INFO - ('miFuncionAntesDeLaPeticion() --- este es el endpoint: ', 'static')
29-Jan-25 17:14:37 - INFO - ('miFuncionAntesDeLaPeticion() --- este es el endpoint: ', 'static')
29-Jan-25 17:14:39 - INFO - ('miFuncionAntesDeLaPeticion() --- este es el endpoint: ', 'funcionGenerarCodigoQR')
29-Jan-25 17:14:41 - INFO - ('miFuncionAntesDeLaPeticion() --- este es el endpoint: ', 'funcionAdministradorModificarRobotsEvento')
29-Jan-25 17:14:42 - INFO - ('miFuncionAntesDeLaPeticion() --- este es el endpoint: ', 'static')
29-Jan-25 17:14:42 - INFO - ('miFuncionAntesDeLaPeticion() --- este es el endpoint: ', 'static')
29-Jan-25 17:14:42 - INFO - ('miFuncionAntesDeLaPeticion() --- este es el endpoint: ', 'static')
29-Jan-25 17:14:42 - INFO - ('miFuncionAntesDeLaPeticion() --- este es el endpoint: ', 'static')
29-Jan-25 17:14:42 - INFO - ('miFuncionAntesDeLaPeticion() --- este es el endpoint: ', 'static')
29-Jan-25 17:14:42 - INFO - ('miFuncionAntesDeLaPeticion() --- este es el endpoint: ', 'static')
29-Jan-25 17:14:42 - INFO - ('miFuncionAntesDeLaPeticion() --- este es el endpoint: ', 'static')
29-Jan-25 17:14:42 - INFO - ('miFuncionAntesDeLaPeticion() --- este es el endpoint: ', 'static')
29-Jan-25 17:14:42 - INFO - ('miFuncionAntesDeLaPeticion() --- este es el endpoint: ', 'static')
29-Jan-25 17:14:42 - INFO - ('miFuncionAntesDeLaPeticion() --- este es el endpoint: ', 'static')
29-Jan-25 17:14:42 - INFO - ('miFuncionAntesDeLaPeticion() --- este es el endpoint: ', 'static')
29-Jan-25 17:14:42 - INFO - ('miFuncionAntesDeLaPeticion() --- este es el endpoint: ', 'static')
29-Jan-25 17:14:43 - INFO - ('miFuncionAntesDeLaPeticion() --- este es el endpoint: ', 'funcionAdministradorHome')
29-Jan-25 17:14:43 - INFO - ('miFuncionAntesDeLaPeticion() --- este es el endpoint: ', 'static')
29-Jan-25 17:14:43 - INFO - ('miFuncionAntesDeLaPeticion() --- este es el endpoint: ', 'static')
